14:19:18 **** Incremental Build of configuration Debug for project B-L475E-IOT01 ****
make all 
Building file: C:/School/ECE597 - IOT/STM32CubeExpansion_Cloud_AWS_V1.1.0/Projects/Common/AWS/Src/aws_subscribe_publish_sensor_values.c
Invoking: MCU GCC Compiler
C:\School\ECE597 - IOT\STM32CubeExpansion_Cloud_AWS_V1.1.0\Projects\B-L475E-IOT01\Applications\Cloud\AWS\SW4STM32\B-L475E-IOT01\Debug
arm-none-eabi-gcc -mcpu=cortex-m4 -mthumb -mfloat-abi=hard -mfpu=fpv4-sp-d16 -DSTM32L475xx -DUSE_HAL_DRIVER -DSENSOR '-DMBEDTLS_CONFIG_FILE=<aws_mbedtls_config.h>' -DENABLE_IOT_INFO -DENABLE_IOT_ERROR -DENABLE_IOT_WARNING -DUSE_MBED_TLS -DAWS -DUSE_WIFI -I"C:/School/ECE597 - IOT/STM32CubeExpansion_Cloud_AWS_V1.1.0/Projects/B-L475E-IOT01/Applications/Cloud/AWS/Inc" -I"C:/School/ECE597 - IOT/STM32CubeExpansion_Cloud_AWS_V1.1.0/Drivers/CMSIS/Device/ST/STM32L4xx/Include" -I"C:/School/ECE597 - IOT/STM32CubeExpansion_Cloud_AWS_V1.1.0/Drivers/CMSIS/Include" -I"C:/School/ECE597 - IOT/STM32CubeExpansion_Cloud_AWS_V1.1.0/Drivers/STM32L4xx_HAL_Driver/Inc" -I"C:/School/ECE597 - IOT/STM32CubeExpansion_Cloud_AWS_V1.1.0/Drivers/BSP/B-L475E-IOT01" -I"C:/School/ECE597 - IOT/STM32CubeExpansion_Cloud_AWS_V1.1.0/Projects/Common/AWS/Inc" -I"C:/School/ECE597 - IOT/STM32CubeExpansion_Cloud_AWS_V1.1.0/Projects/Common/Shared/Inc" -I"C:/School/ECE597 - IOT/STM32CubeExpansion_Cloud_AWS_V1.1.0/Middlewares/Third_Party/AWS/include" -I"C:/School/ECE597 - IOT/STM32CubeExpansion_Cloud_AWS_V1.1.0/Middlewares/Third_Party/mbedTLS/include" -I"C:/School/ECE597 - IOT/STM32CubeExpansion_Cloud_AWS_V1.1.0/Drivers/BSP/Components/es_wifi" -I"C:/School/ECE597 - IOT/STM32CubeExpansion_Cloud_AWS_V1.1.0/Drivers/BSP/Components/hts221" -I"C:/School/ECE597 - IOT/STM32CubeExpansion_Cloud_AWS_V1.1.0/Drivers/BSP/Components/lis3mdl" -I"C:/School/ECE597 - IOT/STM32CubeExpansion_Cloud_AWS_V1.1.0/Drivers/BSP/Components/lps22hb" -I"C:/School/ECE597 - IOT/STM32CubeExpansion_Cloud_AWS_V1.1.0/Drivers/BSP/Components/lsm6dsl" -I"C:/School/ECE597 - IOT/STM32CubeExpansion_Cloud_AWS_V1.1.0/Drivers/BSP/Components/vl53l0x"  -Os -g3 -Wall -fmessage-length=0 -ffunction-sections -c -fmessage-length=0 -MMD -MP -MF"Application/AWS/aws_subscribe_publish_sensor_values.d" -MT"Application/AWS/aws_subscribe_publish_sensor_values.o" -o "Application/AWS/aws_subscribe_publish_sensor_values.o" "C:/School/ECE597 - IOT/STM32CubeExpansion_Cloud_AWS_V1.1.0/Projects/Common/AWS/Src/aws_subscribe_publish_sensor_values.c"
Finished building: C:/School/ECE597 - IOT/STM32CubeExpansion_Cloud_AWS_V1.1.0/Projects/Common/AWS/Src/aws_subscribe_publish_sensor_values.c
 
Building target: B-L475E-IOT01.elf
Invoking: MCU GCC Linker
arm-none-eabi-gcc -mcpu=cortex-m4 -mthumb -mfloat-abi=hard -mfpu=fpv4-sp-d16 -specs=nosys.specs -specs=nano.specs -u _printf_float -T"../STM32L475VGTx_FLASH.ld" -Wl,-Map=output.map -Wl,--gc-sections -o "B-L475E-IOT01.elf" @"objects.list"   -lm
Finished building target: B-L475E-IOT01.elf
 
make --no-print-directory post-build
Generating binary and Printing size information:
arm-none-eabi-objcopy -O binary "B-L475E-IOT01.elf" "B-L475E-IOT01.bin"
arm-none-eabi-size "B-L475E-IOT01.elf"
   text	   data	    bss	    dec	    hex	filename
 220776	   1904	  95320	 318000	  4da30	B-L475E-IOT01.elf
 

14:19:27 Build Finished (took 8s.860ms)

